[2026-09-21 23:54:38] ======================================================================
[2026-09-21 23:54:38]  DTSP V7 深度退火自主攻堅引擎啟動
[2026-09-21 23:54:38]  平台期檢測 (Early Stopping): 連續 5 輪無改善則自動安全終止並推播 GitHub
[2026-09-21 23:54:38] ======================================================================
[2026-09-21 23:54:38] 當前起始狀態:
[2026-09-21 23:54:38]  - Stage 0 (25 目標) 零碰撞: 44/50 (88.0%)
[2026-09-21 23:54:38]  - Stage 5 (30 目標) 零碰撞: 31/50 (62.0%)
[2026-09-21 23:54:38] -----------------------------------------------------------------
[2026-09-21 23:54:38] 【V7 第 1 輪深度攻堅】多起點退火與多尺度空間探索...
[2026-09-21 23:54:38] -----------------------------------------------------------------
[2026-09-21 23:54:38] 本輪攻堅種子數量: 21 個種子 (其餘 29 個種子已完美 0 碰撞)
[2026-09-22 00:06:02]    [進度] 已完成 5/21 個攻堅種子深度評估...
[2026-09-22 00:10:10]    [進度] 已完成 10/21 個攻堅種子深度評估...
[2026-09-22 00:18:58]    [進度] 已完成 15/21 個攻堅種子深度評估...
[2026-09-22 00:29:35]    [進度] 已完成 20/21 個攻堅種子深度評估...
[2026-09-22 00:36:28]    [進度] 已完成 21/21 個攻堅種子深度評估...
[2026-09-22 00:36:29] 【第 1 輪完成】耗時: 2511.4 秒 (41.9 分鐘)
[2026-09-22 00:36:29] 當前成績: Stage 0 零碰撞 = 46/50 (92.0%), Stage 5 零碰撞 = 39/50 (78.0%)
[2026-09-22 00:36:29] *** [PROGRESS] Stage 0 零碰撞率突破: 44 -> 46 (+2) ***
[2026-09-22 00:36:29] *** [PROGRESS] Stage 5 零碰撞率突破: 31 -> 39 (+8) ***
[2026-09-22 00:36:29] 已儲存突破性 Checkpoint: monte_carlo_v7_step1.csv
[2026-09-22 00:36:32] -----------------------------------------------------------------
[2026-09-22 00:36:32] 【V7 第 2 輪深度攻堅】多起點退火與多尺度空間探索...
[2026-09-22 00:36:32] -----------------------------------------------------------------
[2026-09-22 00:36:32] 本輪攻堅種子數量: 11 個種子 (其餘 39 個種子已完美 0 碰撞)
[2026-09-22 00:56:52]    [進度] 已完成 5/11 個攻堅種子深度評估...
[2026-09-22 01:07:59]    [進度] 已完成 10/11 個攻堅種子深度評估...
[2026-09-22 01:15:22]    [進度] 已完成 11/11 個攻堅種子深度評估...
[2026-09-22 01:15:23] 【第 2 輪完成】耗時: 2331.0 秒 (38.8 分鐘)
[2026-09-22 01:15:23] 當前成績: Stage 0 零碰撞 = 46/50 (92.0%), Stage 5 零碰撞 = 39/50 (78.0%)
[2026-09-22 01:15:23] [STAGNATION] 本輪無新增 0 碰撞種子。連續未提升輪數: 1/5
[2026-09-22 01:15:26] -----------------------------------------------------------------
[2026-09-22 01:15:26] 【V7 第 3 輪深度攻堅】多起點退火與多尺度空間探索...
[2026-09-22 01:15:26] -----------------------------------------------------------------
[2026-09-22 01:15:26] 本輪攻堅種子數量: 11 個種子 (其餘 39 個種子已完美 0 碰撞)
[2026-09-22 01:29:44]    [進度] 已完成 5/11 個攻堅種子深度評估...
[2026-09-22 01:41:16]    [進度] 已完成 10/11 個攻堅種子深度評估...
[2026-09-22 01:53:27]    [進度] 已完成 11/11 個攻堅種子深度評估...
[2026-09-22 01:53:28] 【第 3 輪完成】耗時: 2282.0 秒 (38.0 分鐘)
[2026-09-22 01:53:28] 當前成績: Stage 0 零碰撞 = 46/50 (92.0%), Stage 5 零碰撞 = 41/50 (82.0%)
[2026-09-22 01:53:28] *** [PROGRESS] Stage 5 零碰撞率突破: 39 -> 41 (+2) ***
[2026-09-22 01:53:28] 已儲存突破性 Checkpoint: monte_carlo_v7_step3.csv
[2026-09-22 01:53:31] -----------------------------------------------------------------
[2026-09-22 01:53:31] 【V7 第 4 輪深度攻堅】多起點退火與多尺度空間探索...
[2026-09-22 01:53:31] -----------------------------------------------------------------
[2026-09-22 01:53:31] 本輪攻堅種子數量: 9 個種子 (其餘 41 個種子已完美 0 碰撞)
[2026-09-22 02:13:02]    [進度] 已完成 5/9 個攻堅種子深度評估...
[2026-09-22 02:34:09]    [進度] 已完成 9/9 個攻堅種子深度評估...
[2026-09-22 02:34:10] 【第 4 輪完成】耗時: 2439.1 秒 (40.7 分鐘)
[2026-09-22 02:34:10] 當前成績: Stage 0 零碰撞 = 46/50 (92.0%), Stage 5 零碰撞 = 42/50 (84.0%)
[2026-09-22 02:34:10] *** [PROGRESS] Stage 5 零碰撞率突破: 41 -> 42 (+1) ***
[2026-09-22 02:34:10] 已儲存突破性 Checkpoint: monte_carlo_v7_step4.csv
[2026-09-22 02:34:13] -----------------------------------------------------------------
[2026-09-22 02:34:13] 【V7 第 5 輪深度攻堅】多起點退火與多尺度空間探索...
[2026-09-22 02:34:13] -----------------------------------------------------------------
[2026-09-22 02:34:13] 本輪攻堅種子數量: 8 個種子 (其餘 42 個種子已完美 0 碰撞)
[2026-09-22 02:53:54]    [進度] 已完成 5/8 個攻堅種子深度評估...
[2026-09-22 03:12:06]    [進度] 已完成 8/8 個攻堅種子深度評估...
[2026-09-22 03:12:06] 【第 5 輪完成】耗時: 2273.2 秒 (37.9 分鐘)
[2026-09-22 03:12:06] 當前成績: Stage 0 零碰撞 = 46/50 (92.0%), Stage 5 零碰撞 = 42/50 (84.0%)
[2026-09-22 03:12:06] [STAGNATION] 本輪無新增 0 碰撞種子。連續未提升輪數: 1/5
[2026-09-22 03:12:09] -----------------------------------------------------------------
[2026-09-22 03:12:09] 【V7 第 6 輪深度攻堅】多起點退火與多尺度空間探索...
[2026-09-22 03:12:09] -----------------------------------------------------------------
[2026-09-22 03:12:09] 本輪攻堅種子數量: 8 個種子 (其餘 42 個種子已完美 0 碰撞)
[2026-09-22 03:31:28]    [進度] 已完成 5/8 個攻堅種子深度評估...
[2026-09-22 03:48:18]    [進度] 已完成 8/8 個攻堅種子深度評估...
[2026-09-22 03:48:18] 【第 6 輪完成】耗時: 2169.2 秒 (36.2 分鐘)
[2026-09-22 03:48:18] 當前成績: Stage 0 零碰撞 = 46/50 (92.0%), Stage 5 零碰撞 = 42/50 (84.0%)
[2026-09-22 03:48:18] [STAGNATION] 本輪無新增 0 碰撞種子。連續未提升輪數: 2/5
[2026-09-22 03:48:21] -----------------------------------------------------------------
[2026-09-22 03:48:21] 【V7 第 7 輪深度攻堅】多起點退火與多尺度空間探索...
[2026-09-22 03:48:21] -----------------------------------------------------------------
[2026-09-22 03:48:21] 本輪攻堅種子數量: 8 個種子 (其餘 42 個種子已完美 0 碰撞)
[2026-09-22 04:06:35]    [進度] 已完成 5/8 個攻堅種子深度評估...
[2026-09-22 04:23:34]    [進度] 已完成 8/8 個攻堅種子深度評估...
[2026-09-22 04:23:35] 【第 7 輪完成】耗時: 2113.5 秒 (35.2 分鐘)
[2026-09-22 04:23:35] 當前成績: Stage 0 零碰撞 = 46/50 (92.0%), Stage 5 零碰撞 = 43/50 (86.0%)
[2026-09-22 04:23:35] *** [PROGRESS] Stage 5 零碰撞率突破: 42 -> 43 (+1) ***
[2026-09-22 04:23:35] 已儲存突破性 Checkpoint: monte_carlo_v7_step7.csv
[2026-09-22 04:23:38] -----------------------------------------------------------------
[2026-09-22 04:23:38] 【V7 第 8 輪深度攻堅】多起點退火與多尺度空間探索...
[2026-09-22 04:23:38] -----------------------------------------------------------------
[2026-09-22 04:23:38] 本輪攻堅種子數量: 7 個種子 (其餘 43 個種子已完美 0 碰撞)
[2026-09-22 04:44:55]    [進度] 已完成 5/7 個攻堅種子深度評估...
[2026-09-22 04:57:55]    [進度] 已完成 7/7 個攻堅種子深度評估...
[2026-09-22 04:57:55] 【第 8 輪完成】耗時: 2057.2 秒 (34.3 分鐘)
[2026-09-22 04:57:55] 當前成績: Stage 0 零碰撞 = 46/50 (92.0%), Stage 5 零碰撞 = 43/50 (86.0%)
[2026-09-22 04:57:55] [STAGNATION] 本輪無新增 0 碰撞種子。連續未提升輪數: 1/5
[2026-09-22 04:57:58] -----------------------------------------------------------------
[2026-09-22 04:57:58] 【V7 第 9 輪深度攻堅】多起點退火與多尺度空間探索...
[2026-09-22 04:57:58] -----------------------------------------------------------------
[2026-09-22 04:57:58] 本輪攻堅種子數量: 7 個種子 (其餘 43 個種子已完美 0 碰撞)
[2026-09-22 05:17:06]    [進度] 已完成 5/7 個攻堅種子深度評估...
[2026-09-22 05:28:48]    [進度] 已完成 7/7 個攻堅種子深度評估...
[2026-09-22 05:28:49] 【第 9 輪完成】耗時: 1850.7 秒 (30.8 分鐘)
[2026-09-22 05:28:49] 當前成績: Stage 0 零碰撞 = 46/50 (92.0%), Stage 5 零碰撞 = 43/50 (86.0%)
[2026-09-22 05:28:49] [STAGNATION] 本輪無新增 0 碰撞種子。連續未提升輪數: 2/5
[2026-09-22 05:28:52] -----------------------------------------------------------------
[2026-09-22 05:28:52] 【V7 第 10 輪深度攻堅】多起點退火與多尺度空間探索...
[2026-09-22 05:28:52] -----------------------------------------------------------------
[2026-09-22 05:28:52] 本輪攻堅種子數量: 7 個種子 (其餘 43 個種子已完美 0 碰撞)
[2026-09-22 05:49:55]    [進度] 已完成 5/7 個攻堅種子深度評估...
[2026-09-22 06:04:37]    [進度] 已完成 7/7 個攻堅種子深度評估...
[2026-09-22 06:04:38] 【第 10 輪完成】耗時: 2145.7 秒 (35.8 分鐘)
[2026-09-22 06:04:38] 當前成績: Stage 0 零碰撞 = 46/50 (92.0%), Stage 5 零碰撞 = 43/50 (86.0%)
[2026-09-22 06:04:38] [STAGNATION] 本輪無新增 0 碰撞種子。連續未提升輪數: 3/5
[2026-09-22 06:04:41] -----------------------------------------------------------------
[2026-09-22 06:04:41] 【V7 第 11 輪深度攻堅】多起點退火與多尺度空間探索...
[2026-09-22 06:04:41] -----------------------------------------------------------------
[2026-09-22 06:04:41] 本輪攻堅種子數量: 7 個種子 (其餘 43 個種子已完美 0 碰撞)
[2026-09-22 06:24:32]    [進度] 已完成 5/7 個攻堅種子深度評估...
[2026-09-22 06:41:01]    [進度] 已完成 7/7 個攻堅種子深度評估...
[2026-09-22 06:41:01] 【第 11 輪完成】耗時: 2180.9 秒 (36.3 分鐘)
[2026-09-22 06:41:01] 當前成績: Stage 0 零碰撞 = 46/50 (92.0%), Stage 5 零碰撞 = 43/50 (86.0%)
[2026-09-22 06:41:01] [STAGNATION] 本輪無新增 0 碰撞種子。連續未提升輪數: 4/5
[2026-09-22 06:41:04] -----------------------------------------------------------------
[2026-09-22 06:41:04] 【V7 第 12 輪深度攻堅】多起點退火與多尺度空間探索...
[2026-09-22 06:41:04] -----------------------------------------------------------------
[2026-09-22 06:41:04] 本輪攻堅種子數量: 7 個種子 (其餘 43 個種子已完美 0 碰撞)
[2026-09-22 07:02:06]    [進度] 已完成 5/7 個攻堅種子深度評估...
[2026-09-22 07:12:23]    [進度] 已完成 7/7 個攻堅種子深度評估...
[2026-09-22 07:12:23] 【第 12 輪完成】耗時: 1878.6 秒 (31.3 分鐘)
[2026-09-22 07:12:23] 當前成績: Stage 0 零碰撞 = 46/50 (92.0%), Stage 5 零碰撞 = 43/50 (86.0%)
[2026-09-22 07:12:23] [STAGNATION] 本輪無新增 0 碰撞種子。連續未提升輪數: 5/5
[2026-09-22 07:12:23] ======================================================================
[2026-09-22 07:12:23] [EARLY STOP] 已達連續 5 輪無顯著提升，觸發自動停止機制。
[2026-09-22 07:12:23] 最終鎖定成績: Stage 0 = 46/50 (92.0%), Stage 5 = 43/50 (86.0%)
[2026-09-22 07:12:23] ======================================================================
[2026-09-22 07:12:23] ======================================================================
[2026-09-22 07:12:23] 【Git 自動發布】正在將 V7 成績提交並推播至 GitHub 遠端倉庫...
[2026-09-22 07:12:23] ======================================================================
[2026-09-22 07:12:23] [WARN] Git 自動推播發生異常: Command '['git', 'add', 'monte_carlo_50_results.csv', 'progress_v7.log', 'optimize_v7.py']' returned non-zero exit status 1.
